PRESCAT/Building_addr.sas:  NeighborhoodInfo DC                                           12:57 Sunday, October 13, 2013   1
File = Bldg_addr_corr

The CONTENTS Procedure

Data Set Name        WORK.BLDG_ADDR_CORR                     Observations           525 
Member Type          DATA                                    Variables              13  
Engine               V9                                      Indexes                0   
Created              Sunday, October 13, 2013 12:57:29 PM    Observation Length     636 
Last Modified        Sunday, October 13, 2013 12:57:29 PM    Deleted Observations   0   
Protection                                                   Compressed             CHAR
Data Set Type                                                Reuse Space            NO  
Label                                                        Point to Observations  YES 
Data Representation  WINDOWS_64                              Sorted                 NO  
Encoding             wlatin1  Western (Windows)                                         


                                        Engine/Host Dependent Information

Data Set Page Size          16384                                                                                
Number of Data Set Pages    6                                                                                    
Number of Data Set Repairs  0                                                                                    
Filename                    C:\Users\Peter\AppData\Local\Temp\SAS Temporary Files\_TD5480\bldg_addr_corr.sas7bdat
Release Created             9.0202M3                                                                             
Host Created                X64_VSHOME                                                                           


Alphabetic List of Variables and Attributes
 
 #    Variable                Type    Len

 8    Bldg_Addre              Char     44
13    Bldg_Addre_new          Char    120
10    Bldg_City               Char     10
 9    Bldg_SSL                Char     11
11    Bldg_ST                 Char      2
12    Bldg_Zip                Char      7
 2    NLIHC_ID                Char      8
 3    Proj_Addre              Char    140
 4    Proj_Addre_corrected    Char     48
 5    Proj_City               Char     10
 1    Proj_Name               Char    227
 6    Proj_ST                 Char      2
 7    Proj_Zip                Char      7
PRESCAT/Building_addr.sas:  NeighborhoodInfo DC                                           12:57 Sunday, October 13, 2013   2
File = Bldg_addr_corr
Printing first 30 obs.

                                                                                           Proj_Addre_
Obs   Proj_Name                                   NLIHC_ID    Proj_Addre                    corrected     Proj_City

  1   1330 7TH ST APTS (Immaculate Conception)    NL000001    1330 7TH ST NW                              WASHINGTON
  2   PARKFAIR APTS                               NL000004    1611 Park Road NW                           WASHINGTON
  3   1728 W ST SE                                NL000006    1728 W Street, SE                           WASHINGTON
  4   2721 PENNSYLVANIA AVE SE                    NL000008    2721 Pennsylvania Ave. SE                   WASHINGTON
  5   3471 14TH STREET NW                         NL000010    3471 14TH ST NW                             WASHINGTON
  6   5320 8TH ST NW                              NL000014    5320 8th Street NW                          WASHINGTON
  7   5401-5407 9TH ST NW                         NL000015    5401-5407 9th Street NW      {multiple}     WASHINGTON
  8   5401-5407 9TH ST NW                         NL000015    5401-5407 9th Street NW      {multiple}     WASHINGTON
  9   5401-5407 9TH ST NW                         NL000015    5401-5407 9th Street NW      {multiple}     WASHINGTON
 10   5401-5407 9TH ST NW                         NL000015    5401-5407 9th Street NW      {multiple}     WASHINGTON
 11   636 COOPERATIVE APTS                        NL000016    636 12th Street NE                          WASHINGTON
 12   PINEY BRANCH HOUSE                          NL000017    6411 Piney Branch Road NW                   WASHINGTON
 13   AGAPE APTS                                  NL000020    209 Atlantic Street SE                      WASHINGTON
 14   ALLEN HOUSE                                 NL000021    3760 MINN AVE NE                            WASHINGTON
 15   ANCHOR HOUSING                              NL000023    1609 LAWRENCE ST NE                         WASHINGTON
 16   ASBURY DWELLINGS                            NL000026    1616 MARION ST NW                           WASHINGTON
 17   ASPEN COURT                                 NL000027    6676 GEORGIA AVE NW                         WASHINGTON
 18   ATLANTIC GARDENS                            NL000028    4216 4TH ST SE                              WASHINGTON

 
Obs   Proj_ST   Proj_Zip       Bldg_Addre       Bldg_SSL    Bldg_City    Bldg_ST   Bldg_Zip   Bldg_Addre_new

  1     DC       20001                                      WASHINGTON     DC       20001     1330 7TH ST NW           
  2     DC                                                  WASHINGTON     DC                 1611 Park Road NW        
  3     DC       20002                                      WASHINGTON     DC       20002     1728 W Street, SE        
  4     DC                                                  WASHINGTON     DC                 2721 Pennsylvania Ave. SE
  5     DC       20010                                      WASHINGTON     DC       20010     3471 14TH ST NW          
  6     DC                                                  WASHINGTON     DC                 5320 8th Street NW       
  7     DC                 5401 9TH STREET NW               WASHINGTON     DC       20011     5401 9TH STREET NW       
  8     DC                 5403 9TH STREET NW               WASHINGTON     DC       20011     5403 9TH STREET NW       
  9     DC                 5405 9TH STREET NW               WASHINGTON     DC       20011     5405 9TH STREET NW       
 10     DC                 5407 9TH STREET NW               WASHINGTON     DC       20011     5407 9TH STREET NW       
 11     DC                                                  WASHINGTON     DC                 636 12th Street NE       
 12     DC                                                  WASHINGTON     DC                 6411 Piney Branch Road NW
 13     DC                                                  WASHINGTON     DC                 209 Atlantic Street SE   
 14     DC       20019                                      WASHINGTON     DC       20019     3760 MINN AVE NE         
 15     DC       20018                                      WASHINGTON     DC       20018     1609 LAWRENCE ST NE      
 16     DC       20001                                      WASHINGTON     DC       20001     1616 MARION ST NW        
 17     DC       20012                                      WASHINGTON     DC       20012     6676 GEORGIA AVE NW      
 18     DC       20032                                      WASHINGTON     DC       20032     4216 4TH ST SE           
PRESCAT/Building_addr.sas:  NeighborhoodInfo DC                                           12:57 Sunday, October 13, 2013   3
File = Bldg_addr_corr
Printing first 30 obs.

                                                                                           Proj_Addre_
Obs   Proj_Name                                   NLIHC_ID    Proj_Addre                    corrected     Proj_City

 19   ATLANTIC TERRACE                            NL000029    4301 THIRD ST S.E.                          WASHINGTON
 20   AZEEZE BATES                                NL000031    1521 F ST NE                                WASHINGTON
 21   BANNEKER PLACE APTS                         NL000032    410-411 Ridge Road, SE       {multiple}     WASHINGTON
 22   BANNEKER PLACE APTS                         NL000032    410-411 Ridge Road, SE       {multiple}     WASHINGTON
 23   BANNEKER PLACE APTS                         NL000032    410-411 Ridge Road, SE       {multiple}     WASHINGTON
 24   BARNABY MANOR (The Gregory)                 NL000033    840 BARNABY ST SE                           WASHINGTON
 25   BARRY FARM                                  NL000034    1230 SUMMER ROAD, S.E.                      WASHINGTON
 26   BARRY HOMES                                 NL000035    1619 1ST ST NW                              WASHINGTON
 27   BEECHER COOPERATIVE                         NL000036    2307 41ST ST NW                             WASHINGTON
 28   BELMONT CROSSING (Jeffrey Gardens)          NL000037    4201 7TH STREET, SE                         WASHINGTON
 29   BENNING COURTS                              NL000038    1703 BENNING RD NE                          WASHINGTON
 30   BENNING HEIGHTS                             NL000039    4806 ALABAMA AVE SE                         WASHINGTON

 
Obs   Proj_ST   Proj_Zip       Bldg_Addre       Bldg_SSL    Bldg_City    Bldg_ST   Bldg_Zip   Bldg_Addre_new

 19     DC       20032                                      WASHINGTON     DC       20032     4301 THIRD ST S.E.       
 20     DC       20002                                      WASHINGTON     DC       20002     1521 F ST NE             
 21     DC                 407 RIDGE ROAD SE    5436 0008   WASHINGTON     DC       20019     407 RIDGE ROAD SE        
 22     DC                 409 RIDGE ROAD SE    5436 0008   WASHINGTON     DC       20019     409 RIDGE ROAD SE        
 23     DC                 411 RIDGE ROAD SE    5436 0008   WASHINGTON     DC       20019     411 RIDGE ROAD SE        
 24     DC       20032                                      WASHINGTON     DC       20032     840 BARNABY ST SE        
 25     DC       20020                                      WASHINGTON     DC       20020     1230 SUMMER ROAD, S.E.   
 26     DC       20001                                      WASHINGTON     DC       20001     1619 1ST ST NW           
 27     DC       20007                                      WASHINGTON     DC       20007     2307 41ST ST NW          
 28     DC       20032                                      WASHINGTON     DC       20032     4201 7TH STREET, SE      
 29     DC       20002                                      WASHINGTON     DC       20002     1703 BENNING RD NE       
 30     DC       20019                                      WASHINGTON     DC       20019     4806 ALABAMA AVE SE      
