PRESCAT/Create_update_history.sas:  NeighborhoodInfo DC                                     17:26 Saturday, July 4, 2015   1
File = PresCat.Update_history

The CONTENTS Procedure

Data Set Name        PRESCAT.UPDATE_HISTORY                  Observations           0   
Member Type          DATA                                    Variables              3   
Engine               V9                                      Indexes                0   
Created              Saturday, July 04, 2015 05:26:48 PM     Observation Length     56  
Last Modified        Saturday, July 04, 2015 05:26:48 PM     Deleted Observations   0   
Protection                                                   Compressed             CHAR
Data Set Type                                                Reuse Space            NO  
Label                Preservation Catalog, update history    Point to Observations  YES 
Data Representation  WINDOWS_64                              Sorted                 NO  
Encoding             wlatin1  Western (Windows)                                         


                      Engine/Host Dependent Information

Data Set Page Size          4096                                             
Number of Data Set Pages    2                                                
Number of Data Set Repairs  0                                                
Filename                    L:\Libraries\PresCat\Data\update_history.sas7bdat
Release Created             9.0202M3                                         
Host Created                X64_VSPRO                                        


                 Alphabetic List of Variables and Attributes
 
#    Variable            Type    Len    Format         Label

2    Info_Source         Char     40    $INFOSRC.      Source for update    
3    Info_Source_Date    Num       8    MMDDYY10.      Date of update source
1    Update_Dtm          Num       8    DATETIME16.    Datetime update ran  
