PRESCAT/Create_subsidy_update_history.sas:  NeighborhoodInfo DC                           17:16 Saturday, August 1, 2015   1
File = PresCat.Subsidy_update_history

The CONTENTS Procedure

Data Set Name        PRESCAT.SUBSIDY_UPDATE_HISTORY                  Observations           0   
Member Type          DATA                                            Variables              27  
Engine               V9                                              Indexes                0   
Created              Saturday, August 01, 2015 05:16:20 PM           Observation Length     433 
Last Modified        Saturday, August 01, 2015 05:16:20 PM           Deleted Observations   0   
Protection                                                           Compressed             CHAR
Data Set Type                                                        Reuse Space            NO  
Label                Preservation Catalog, Subsidy update history    Point to Observations  YES 
Data Representation  WINDOWS_64                                      Sorted                 NO  
Encoding             wlatin1  Western (Windows)                                                 


                             Engine/Host Dependent Information

Data Set Page Size          16384                                                           
Number of Data Set Pages    2                                                               
Number of Data Set Repairs  0                                                               
Filename                    C:\DCData\Libraries\PresCat\Data\subsidy_update_history.sas7bdat
Release Created             9.0202M3                                                        
Host Created                X64_VSHOME                                                      


                         Alphabetic List of Variables and Attributes
 
 #    Variable                           Type    Len    Format         Label

 7    Compl_end_BASE                     Num       8                                        
 8    Compl_end_COMPARE                  Num       8                                        
 9    Compl_end_EXCEPT                   Num       8                                        
 1    Nlihc_id                           Char      8                                        
10    POA_end_BASE                       Num       8                                        
11    POA_end_COMPARE                    Num       8                                        
12    POA_end_EXCEPT                     Num       8                                        
13    POA_start_BASE                     Num       8                                        
14    POA_start_COMPARE                  Num       8                                        
15    POA_start_EXCEPT                   Num       8                                        
16    Program_BASE                       Char     32                                        
17    Program_COMPARE                    Char     32                                        
18    Program_EXCEPT                     Char     32                                        
19    Subsidy_Active_BASE                Num       3                                        
20    Subsidy_Active_COMPARE             Num       3                                        
21    Subsidy_Active_EXCEPT              Num       3                                        
 3    Subsidy_Info_Source                Char     40    $INFOSRC.      Source for update    
PRESCAT/Create_subsidy_update_history.sas:  NeighborhoodInfo DC                           17:16 Saturday, August 1, 2015   2
File = PresCat.Subsidy_update_history

The CONTENTS Procedure

                         Alphabetic List of Variables and Attributes
 
 #    Variable                           Type    Len    Format         Label

 4    Subsidy_Info_Source_Date           Num       8    MMDDYY10.      Date of update source
 6    Subsidy_Info_Source_ID             Char     40                                        
 2    Subsidy_id                         Num       8                                        
22    Units_Assist_BASE                  Num       8                                        
23    Units_Assist_COMPARE               Num       8                                        
24    Units_Assist_EXCEPT                Num       8                                        
 5    Update_Dtm                         Num       8    DATETIME16.    Datetime update ran  
25    rent_to_FMR_description_BASE       Char     40                                        
26    rent_to_FMR_description_COMPARE    Char     40                                        
27    rent_to_FMR_description_EXCEPT     Char     40                                        
