PRESCAT/Create_project.sas:  NeighborhoodInfo DC                                           18:14 Monday, August 31, 2015   1
File = PresCat.Project

The CONTENTS Procedure

Data Set Name        PRESCAT.PROJECT                        Observations           362 
Member Type          DATA                                   Variables              45  
Engine               V9                                     Indexes                0   
Created              Monday, August 31, 2015 06:14:30 PM    Observation Length     1424
Last Modified        Monday, August 31, 2015 06:14:30 PM    Deleted Observations   0   
Protection                                                  Compressed             CHAR
Data Set Type                                               Reuse Space            NO  
Label                Preservation Catalog, projects         Point to Observations  YES 
Data Representation  WINDOWS_64                             Sorted                 YES 
Encoding             wlatin1  Western (Windows)                                        


                  Engine/Host Dependent Information

Data Set Page Size          16384                                     
Number of Data Set Pages    13                                        
Number of Data Set Repairs  0                                         
Filename                    L:\Libraries\PresCat\Data\project.sas7bdat
Release Created             9.0202M3                                  
Host Created                X64_VSPRO                                 


                                       Alphabetic List of Variables and Attributes
 
 #    Variable                 Type    Len    Format          Label

31    Anc2012                  Char      2    $ANC12A.        Advisory Neighborhood Commission (2012)                   
44    Bldg_count               Num       8                    Number of buildings for project                           
 5    Cat_At_Risk              Num       3    DYESNO.         Project at risk                                           
 6    Cat_Expiring             Num       3    DYESNO.         Project has upcoming expiring subsidy                     
 7    Cat_Failing_Insp         Num       3    DYESNO.         Project has failed recent REAC inspection                 
 9    Cat_Lost                 Num       3    DYESNO.         Lost affordable housing                                   
 8    Cat_More_Info            Num       3    DYESNO.         Project flagged for gathering more information            
10    Cat_Replaced             Num       3    DYESNO.         Replaced affordable housing                               
 4    Category_Code            Char      1    $CATEGRY.       Preservation Catalog project category                     
34    Cluster_tr2000           Char      2    $CLUS00A.       Neighborhood cluster (tract-based, 2000)                  
35    Cluster_tr2000_name      Char     80                    Neighborhood cluster names (tract-based, 2000)            
33    Geo2010                  Char     11    $GEO10A.        Full census tract ID (2010): ssccctttttt                  
22    Hud_Mgr_Name             Char     80                    Current property manager name (from HUD)                  
23    Hud_Mgr_Type             Char      2    $OWNMGRTYPE.    Current property manager type (from HUD)                  
19    Hud_Own_Effect_dt        Num       8    MMDDYY10.       Date current owner acquired property (from HUD)           
20    Hud_Own_Name             Char     80                    Current property owner name (from HUD)                    
21    Hud_Own_Type             Char      2    $OWNMGRTYPE.    Current property owner type (from HUD)                    
PRESCAT/Create_project.sas:  NeighborhoodInfo DC                                           18:14 Monday, August 31, 2015   2
File = PresCat.Project

The CONTENTS Procedure

                                       Alphabetic List of Variables and Attributes
 
 #    Variable                 Type    Len    Format          Label

 1    Nlihc_id                 Char      8                    Preservation Catalog project ID                           
12    Proj_Addre               Char    160                    Project main address                                      
30    Proj_Addre_old           Char    108                    Old project address from Access DB                        
13    Proj_City                Char     80                    Project city                                              
11    Proj_Name                Char     80                    Project name                                              
29    Proj_Name_old            Char     60                    Old project name from Access DB                           
14    Proj_ST                  Char      2                    Project state                                             
18    Proj_Units_Assist_Max    Num       8                    Total assisted housing units in project (maximum)         
17    Proj_Units_Assist_Min    Num       8                    Total assisted housing units in project (minimum)         
16    Proj_Units_Tot           Num       8                    Total housing units in project                            
15    Proj_Zip                 Char      5                    Project ZIP code                                          
39    Proj_address_id          Num       8                    Project MAR address ID                                    
37    Proj_image_url           Char    255                    OCTO property image URL                                   
42    Proj_lat                 Num       8                    Project latitude                                          
43    Proj_lon                 Num       8                    Project longitude                                         
38    Proj_streetview_url      Char    255                    Google Street View URL                                    
40    Proj_x                   Num       8                    Project longitude (MD State Plane Coord., NAD 1983 meters)
41    Proj_y                   Num       8                    Project latitude (MD State Plane Coord., NAD 1983 meters) 
32    Psa2012                  Char      3    $PSA12A.        Police Service Area (2012)                                
 2    Status                   Char      1    $STATUS.        Project is active                                         
 3    Subsidized               Num       3    DYESNO.         Project is subsidized                                     
26    Subsidy_End_First        Num       8    MMDDYY8.        First subsidy end date                                    
27    Subsidy_End_Last         Num       8    MMDDYY8.        Last subsidy end date                                     
24    Subsidy_Start_First      Num       8    MMDDYY8.        First subsidy start date                                  
25    Subsidy_Start_Last       Num       8    MMDDYY8.        Last subsidy start date                                   
45    Update_Dtm               Num       8    DATETIME16.     Datetime of last project update                           
28    Ward2012                 Char      1    $WARD12A.       Ward (2012)                                               
36    Zip                      Char      5    $ZIPA.          ZIP code (5 digit)                                        


   Sort Information

Sortedby       Nlihc_id
Validated      YES     
Character Set  ANSI    
PRESCAT/Create_project.sas:  NeighborhoodInfo DC                                           18:14 Monday, August 31, 2015   3
File = PresCat.Project
Printing first 5 obs.

                                                                                                      Cat_
                                                                  Cat_At_     Cat_     Cat_Failing_   More_
Obs  Nlihc_id   Status   Subsidized         Category_Code          Risk     Expiring       Insp       Info    Cat_Lost

  1  NL000001   Active      Yes       Other Subsidized Property     No        Yes           No         No        No   
  2  NL000004   Active      Yes       Other Subsidized Property     No        Yes           No         No        No   
  3  NL000006   Active      Yes       Other Subsidized Property     No        Yes           No         No        No   
  4  NL000008   Active      Yes       Other Subsidized Property     No        No            No         No        No   
  5  NL000010   Active      Yes       Other Subsidized Property     No        Yes           No         No        No   

 
       Cat_
Obs  Replaced    Proj_Name                                   Proj_Addre                     Proj_City     Proj_ST

  1     No       1330 7th St Apts (Immaculate Conception)    1330 7th Street NW             Washington      DC   
  2     No       Parkfair Apts                               1611 Park Road NW              Washington      DC   
  3     No       1728 W St SE                                1728 W Street SE               Washington      DC   
  4     No       2721 Pennsylvania Ave SE                    2721 Pennsylvania Avenue SE    Washington      DC   
  5     No       3471 14th Street NW                         3471 14th Street NW            Washington      DC   

                 Proj_
                Units_   Proj_Units_   Proj_Units_     Hud_Own_
Obs  Proj_Zip     Tot     Assist_Min    Assist_Max    Effect_dt   Hud_Own_Name                            Hud_Own_Type

  1   20001       137        119           268       01/30/2004   1330 7th Street Limited Partnership   Limited dividend
  2   20010        31         25            25                .   Victory Housing                                       
  3   20020        15         15            15                .   Cih Bolling View, Lp                                  
  4   20020         6          6             6                .   Green Door                                            
  5   20010         4          4             4                .   Green Door                                            

                                                            Subsidy_    Subsidy_
                                                             Start_      Start_     Subsidy_     Subsidy_
Obs           Hud_Mgr_Name              Hud_Mgr_Type         First        Last      End_First    End_Last    Ward2012

  1  Edgewood Management Corporation    Profit motivated    01/01/04    07/01/05    03/01/20     05/01/45     Ward 6 
  2                                     Individual          05/06/05    05/06/05    05/06/20     05/06/20     Ward 1 
  3                                     Individual          01/01/04    01/01/04    01/01/34     01/01/34     Ward 8 
  4                                     Individual                 .           .           .            .     Ward 7 
  5                                     Individual          09/01/04    09/01/04    09/01/44     09/01/44     Ward 1 
PRESCAT/Create_project.sas:  NeighborhoodInfo DC                                           18:14 Monday, August 31, 2015   4
File = PresCat.Project
Printing first 5 obs.

 
 
Obs  Proj_Name_old                               Proj_Addre_old               Anc2012    Psa2012      Geo2010

  1  1330 7TH ST APTS (Immaculate Conception)    1330 7TH ST NW               ANC 6E     PSA 308    Tract 49.02
  2  PARKFAIR APTS                               1611 Park Road NW            ANC 1D     PSA 408    Tract 27.01
  3  1728 W ST SE                                1728 W Street, SE            ANC 8A     PSA 701    Tract 75.04
  4  2721 PENNSYLVANIA AVE SE                    2721 Pennsylvania Ave. SE    ANC 7B     PSA 607    Tract 76.04
  5  3471 14TH STREET NW                         3471 14TH ST NW              ANC 1A     PSA 409    Tract 29   

 
      Cluster_
Obs    tr2000      Cluster_tr2000_name                                                                  Zip

  1  Cluster 7     Shaw, Logan Circle                                                                ZIP 20001
  2  Cluster 2     Columbia Heights, Mt. Pleasant, Pleasant Plains, Park View                        ZIP 20010
  3  Cluster 28    Historic Anacostia                                                                ZIP 20020
  4  Cluster 34    Twining, Fairlawn, Randle Highlands, Penn Branch, Fort Davis Park, Fort Dupont    ZIP 20020
  5  Cluster 2     Columbia Heights, Mt. Pleasant, Pleasant Plains, Park View                        ZIP 20010

 
 
Obs                         Proj_image_url

  1  http://citizenatlas.dc.gov/mobilevideo/20040926/QQ112940.jpg
  2  http://citizenatlas.dc.gov/mobilevideo/20040919/DJ080511.jpg
  3  http://citizenatlas.dc.gov/mobilevideo/20040824/DO103928.jpg
  4  http://citizenatlas.dc.gov/mobilevideo/20041024/OO092328.jpg
  5  http://citizenatlas.dc.gov/mobilevideo/20040817/DH074140.jpg

 
 
Obs                                           Proj_streetview_url

  1  http://maps.google.com/maps?z=16&layer=c&cbll=38.90811789,-77.0221966&cbp=11,268.61496892357,,0,2.09  
  2  http://maps.google.com/maps?z=16&layer=c&cbll=38.93209086,-77.03705918&cbp=11,43.4024928305739,,0,2.09
  3  http://maps.google.com/maps?z=16&layer=c&cbll=38.862912,-76.97960778&cbp=11,36.2251352869827,,0,2.09  
  4  http://maps.google.com/maps?z=16&layer=c&cbll=38.87214315,-76.96816372&cbp=11,197.768729185275,,0,2.09
  5  http://maps.google.com/maps?z=16&layer=c&cbll=38.93429107,-77.03244037&cbp=11,76.8329307568203,,0,2.09
PRESCAT/Create_project.sas:  NeighborhoodInfo DC                                           18:14 Monday, August 31, 2015   5
File = PresCat.Project
Printing first 5 obs.

       Proj_
     address_                                                      Bldg_
Obs     id         Proj_x       Proj_y     Proj_lat    Proj_lon    count          Update_Dtm

  1   238401     398074.80    137806.65     38.9081    -77.0222      1      31AUG15:18:14:30
  2   233583     396786.79    140468.27     38.9321    -77.0371      1      31AUG15:18:14:30
  3    56983     401769.82    132788.41     38.8629    -76.9796      1      31AUG15:18:14:30
  4    45042     402762.68    133813.42     38.8721    -76.9682      1      31AUG15:18:14:30
  5   230775     397187.35    140712.36     38.9343    -77.0324      1      31AUG15:18:14:30
PRESCAT/Create_project.sas:  NeighborhoodInfo DC                                           18:14 Monday, August 31, 2015   6
File = PresCat.Project

The MEANS Procedure

Variable                   N             Sum            Mean         Std Dev         Minimum         Maximum
------------------------------------------------------------------------------------------------------------
Subsidized               362     334.0000000       0.9226519       0.2675127               0       1.0000000
Cat_At_Risk              362      12.0000000       0.0331492       0.1792738               0       1.0000000
Cat_Expiring             362     221.0000000       0.6104972       0.4883125               0       1.0000000
Cat_Failing_Insp         362       2.0000000       0.0055249       0.0742264               0       1.0000000
Cat_More_Info            362       8.0000000       0.0220994       0.1472105               0       1.0000000
Cat_Lost                 362      20.0000000       0.0552486       0.2287811               0       1.0000000
Cat_Replaced             362               0               0               0               0               0
Proj_Units_Tot           327        40811.00     124.8042813     117.2535854       4.0000000     717.0000000
Proj_Units_Assist_Min    344        35626.00     103.5639535     104.1647410       1.0000000     535.0000000
Proj_Units_Assist_Max    344        41692.00     121.1976744     130.4641921       1.0000000         1143.00
Hud_Own_Effect_dt         83       939160.00        11315.18         4761.40        -7640.00        17437.00
Subsidy_Start_First      246      3488317.00        14180.15         3793.21         2677.00        19936.00
Subsidy_Start_Last       246      3921692.00        15941.84         2439.30         5326.00        19936.00
Subsidy_End_First        246      5715053.00        23231.92         4340.43        -7336.00        34515.00
Subsidy_End_Last         246      6477080.00        26329.59         4239.18        17044.00        34515.00
Proj_address_id          361     78588000.00       217695.29        97139.60         2323.00       904238.00
Proj_x                   362       144838585       400106.59         2844.46       391743.09       407297.09
Proj_y                   362     49369020.15       136378.51         3843.01       128300.07       144908.38
Proj_lat                 362        14080.08      38.8952501       0.0346181      38.8224804      38.9720913
Proj_lon                 362       -27873.56     -76.9987786       0.0327934     -77.0952556     -76.9158902
Bldg_count               362     608.0000000       1.6795580       5.1079290       1.0000000      82.0000000
Update_Dtm               362    635912393414      1756664070       0.0086595      1756664070      1756664070
------------------------------------------------------------------------------------------------------------
PRESCAT/Create_project.sas:  NeighborhoodInfo DC                                           18:14 Monday, August 31, 2015   7
File = PresCat.Project

The FREQ Procedure

                      Project is active
 
                                     Cumulative    Cumulative
Status      Frequency     Percent     Frequency      Percent
-------------------------------------------------------------
Active           342       94.48           342        94.48  
Inactive          20        5.52           362       100.00  


                        Preservation Catalog project category
 
                                                             Cumulative    Cumulative
Category_Code                       Frequency     Percent     Frequency      Percent
-------------------------------------------------------------------------------------
At-Risk or Flagged for Follow-up          12        3.31            12         3.31  
Expiring Subsidy                          32        8.84            44        12.15  
Recent Failing REAC Score                  2        0.55            46        12.71  
More Info Needed                           8        2.21            54        14.92  
Other Subsidized Property                288       79.56           342        94.48  
Lost Rental                               20        5.52           362       100.00  


                         Project city
 
                                       Cumulative    Cumulative
Proj_City     Frequency     Percent     Frequency      Percent
---------------------------------------------------------------
Washington         362      100.00           362       100.00  


                       Project state
 
                                    Cumulative    Cumulative
Proj_ST    Frequency     Percent     Frequency      Percent
------------------------------------------------------------
DC              362      100.00           362       100.00  
PRESCAT/Create_project.sas:  NeighborhoodInfo DC                                           18:14 Monday, August 31, 2015   8
File = PresCat.Project

The FREQ Procedure

                         Ward (2012)
 
                                     Cumulative    Cumulative
Ward2012    Frequency     Percent     Frequency      Percent
-------------------------------------------------------------
Ward 1            74       20.44            74        20.44  
Ward 2            22        6.08            96        26.52  
Ward 3             4        1.10           100        27.62  
Ward 4            21        5.80           121        33.43  
Ward 5            39       10.77           160        44.20  
Ward 6            57       15.75           217        59.94  
Ward 7            51       14.09           268        74.03  
Ward 8            94       25.97           362       100.00  


                      Project ZIP code
 
                                     Cumulative    Cumulative
Proj_Zip    Frequency     Percent     Frequency      Percent
-------------------------------------------------------------
20001             38       10.50            38        10.50  
20002             25        6.91            63        17.40  
20003             15        4.14            78        21.55  
20005              8        2.21            86        23.76  
20007              1        0.28            87        24.03  
20009             52       14.36           139        38.40  
20010             22        6.08           161        44.48  
20011             21        5.80           182        50.28  
20012              2        0.55           184        50.83  
20015              1        0.28           185        51.10  
20016              2        0.55           187        51.66  
20017              6        1.66           193        53.31  
20018             15        4.14           208        57.46  
20019             48       13.26           256        70.72  
20020             61       16.85           317        87.57  
20024              8        2.21           325        89.78  
20032             36        9.94           361        99.72  
20037              1        0.28           362       100.00  
PRESCAT/Create_project.sas:  NeighborhoodInfo DC                                           18:14 Monday, August 31, 2015   9
File = PresCat.Project

The FREQ Procedure

                   Current property owner type (from HUD)
 
                                                     Cumulative    Cumulative
Hud_Own_Type                Frequency     Percent     Frequency      Percent
-----------------------------------------------------------------------------
                                 161       44.48           161        44.48  
Public housing authority           4        1.10           165        45.58  
Individual                        80       22.10           245        67.68  
Limited dividend                  25        6.91           270        74.59  
Non-profit controlled              1        0.28           271        74.86  
Non-profit                        46       12.71           317        87.57  
Other                              4        1.10           321        88.67  
Profit motivated                  41       11.33           362       100.00  


                  Current property manager type (from HUD)
 
                                                     Cumulative    Cumulative
Hud_Mgr_Type                Frequency     Percent     Frequency      Percent
-----------------------------------------------------------------------------
                                  14        3.87            14         3.87  
Individual                       232       64.09           246        67.96  
Limited dividend                   5        1.38           251        69.34  
Non-profit                         8        2.21           259        71.55  
Profit motivated                 103       28.45           362       100.00  
PRESCAT/Create_project.sas:  NeighborhoodInfo DC                                           18:14 Monday, August 31, 2015  10

The FREQ Procedure

           Date current owner acquired property (from HUD)
 
 Hud_Own_Effect_                             Cumulative    Cumulative
              dt    Frequency     Percent     Frequency      Percent
---------------------------------------------------------------------
            1939           1        1.20             1         1.20  
            1965           1        1.20             2         2.41  
            1970           1        1.20             3         3.61  
            1971           3        3.61             6         7.23  
            1972           1        1.20             7         8.43  
            1973           2        2.41             9        10.84  
            1976           2        2.41            11        13.25  
            1977           2        2.41            13        15.66  
            1978           3        3.61            16        19.28  
            1980           3        3.61            19        22.89  
            1981           4        4.82            23        27.71  
            1982           5        6.02            28        33.73  
            1983           4        4.82            32        38.55  
            1984           2        2.41            34        40.96  
            1985           1        1.20            35        42.17  
            1988           1        1.20            36        43.37  
            1989           1        1.20            37        44.58  
            1990           1        1.20            38        45.78  
            1992           1        1.20            39        46.99  
            1993           1        1.20            40        48.19  
            1994           1        1.20            41        49.40  
            1995           2        2.41            43        51.81  
            1996           1        1.20            44        53.01  
            1997           3        3.61            47        56.63  
            1998           8        9.64            55        66.27  
            1999           1        1.20            56        67.47  
            2000           3        3.61            59        71.08  
            2001           4        4.82            63        75.90  
            2002           5        6.02            68        81.93  
            2003           3        3.61            71        85.54  
            2004           1        1.20            72        86.75  
            2005           1        1.20            73        87.95  
            2006           7        8.43            80        96.39  
            2007           3        3.61            83       100.00  

Frequency Missing = 279
PRESCAT/Create_project.sas:  NeighborhoodInfo DC                                           18:14 Monday, August 31, 2015  11

The FREQ Procedure

Category_Code                      Cat_At_Risk   Cat_Expiring   Cat_Failing_Insp   Cat_More_Info   Cat_Lost   Cat_Replaced
--------------------------------------------------------------------------------------------------------------------------
At-Risk or Flagged for Follow-up   Yes           No             No                 No              No         No          
At-Risk or Flagged for Follow-up   Yes           Yes            No                 No              No         No          
Expiring Subsidy                   No            Yes            No                 No              No         No          
Recent Failing REAC Score          No            Yes            Yes                No              No         No          
More Info Needed                   No            No             No                 Yes             No         No          
More Info Needed                   No            Yes            No                 Yes             No         No          
Other Subsidized Property          No            No             No                 No              No         No          
Other Subsidized Property          No            Yes            No                 No              No         No          
Lost Rental                        No            No             No                 No              Yes        No          
Lost Rental                        No            Yes            No                 No              Yes        No          

Frequency
---------
       7 
       5 
      32 
       2 
       3 
       5 
     117 
     171 
      14 
       6 
PRESCAT/Create_project.sas:  NeighborhoodInfo DC                                           18:14 Monday, August 31, 2015  12

The COMPARE Procedure
Comparison of COMP.PROJECT with PRESCAT.PROJECT
(Method=EXACT)

Data Set Summary

Dataset                   Created          Modified  NVar    NObs  Label

COMP.PROJECT     04JUL15:16:48:47  04JUL15:16:48:47    45     362  Preservation Catalog, projects
PRESCAT.PROJECT  31AUG15:18:14:30  31AUG15:18:14:30    45     362  Preservation Catalog, projects


Variables Summary

Number of Variables in Common: 45.
Number of Variables with Differing Attributes: 4.
Number of ID Variables: 1.


Listing of Common Variables with Differing Attributes

Variable             Dataset          Type  Length  Format     Label

Subsidy_Start_First  COMP.PROJECT     Num        8  MMDDYY10.  First subsidy start date
                     PRESCAT.PROJECT  Num        8  MMDDYY8.   First subsidy start date
Subsidy_Start_Last   COMP.PROJECT     Num        8  MMDDYY10.  Last subsidy start date
                     PRESCAT.PROJECT  Num        8  MMDDYY8.   Last subsidy start date
Subsidy_End_First    COMP.PROJECT     Num        8  MMDDYY10.  First subsidy end date
                     PRESCAT.PROJECT  Num        8  MMDDYY8.   First subsidy end date
Subsidy_End_Last     COMP.PROJECT     Num        8  MMDDYY10.  Last subsidy end date
                     PRESCAT.PROJECT  Num        8  MMDDYY8.   Last subsidy end date
PRESCAT/Create_project.sas:  NeighborhoodInfo DC                                           18:14 Monday, August 31, 2015  13

The COMPARE Procedure
Comparison of COMP.PROJECT with PRESCAT.PROJECT
(Method=EXACT)

Observation Summary

Observation      Base  Compare  ID

First Obs           1        1  Nlihc_id=NL000001
First Unequal       1        1  Nlihc_id=NL000001
Last  Unequal     362      362  Nlihc_id=NL001033
Last  Obs         362      362  Nlihc_id=NL001033

Number of Observations in Common: 362.
Total Number of Observations Read from COMP.PROJECT: 362.
Total Number of Observations Read from PRESCAT.PROJECT: 362.

Number of Observations with Some Compared Variables Unequal: 362.
Number of Observations with All Compared Variables Equal: 0.


Values Comparison Summary

Number of Variables Compared with All Observations Equal: 30.
Number of Variables Compared with Some Observations Unequal: 14.
Total Number of Values which Compare Unequal: 478.
Maximum Difference: 5016343.


Variables with Unequal Values

Variable               Type  Len   Label                                              Ndif   MaxDif

Status                 CHAR    1   Project is active                                     2
Category_Code          CHAR    1   Preservation Catalog project category                40
Cat_At_Risk            NUM     3   Project at risk                                       2    1.000
Cat_Expiring           NUM     3   Project has upcoming expiring subsidy                11    1.000
Cat_Failing_Insp       NUM     3   Project has failed recent REAC inspection             9    1.000
Cat_More_Info          NUM     3   Project flagged for gathering more information        6    1.000
Cat_Lost               NUM     3   Lost affordable housing                               2    1.000
Proj_Units_Assist_Min  NUM     8   Total assisted housing units in project (minimum)     3      301
Proj_Units_Assist_Max  NUM     8   Total assisted housing units in project (maximum)     5      842
Hud_Own_Name           CHAR   80   Current property owner name (from HUD)                4
Subsidy_End_First      NUM     8   First subsidy end date                               20     3654
Subsidy_End_Last       NUM     8   Last subsidy end date                                10     7114
PRESCAT/Create_project.sas:  NeighborhoodInfo DC                                           18:14 Monday, August 31, 2015  14

The COMPARE Procedure
Comparison of COMP.PROJECT with PRESCAT.PROJECT
(Method=EXACT)

Variables with Unequal Values

Variable               Type  Len   Label                                              Ndif   MaxDif

Proj_Addre_old         CHAR  108   Old project address from Access DB                    2
Update_Dtm             NUM     8   Datetime of last project update                     362  5016343



Value Comparison Results for Variables

__________________________________________________________
           ||  Project is active
           ||  Base Value           Compare Value
 Nlihc_id  ||  Status                Status
 ________  ||  _                     _
           ||
 NL000096  ||  I                     A
 NL000196  ||  A                     I
__________________________________________________________


__________________________________________________________
           ||  Preservation Catalog project category
           ||  Base Value           Compare Value
 Nlihc_id  ||  Category_Code         Category_Code
 ________  ||  _                     _
           ||
 NL000023  ||  2                     5
 NL000033  ||  5                     2
 NL000064  ||  3                     5
 NL000069  ||  5                     2
 NL000074  ||  5                     2
 NL000089  ||  2                     5
 NL000094  ||  5                     4
 NL000096  ||  6                     2
 NL000119  ||  5                     2
 NL000128  ||  2                     4
 NL000133  ||  5                     3
 NL000181  ||  5                     4
 NL000185  ||  5                     2
PRESCAT/Create_project.sas:  NeighborhoodInfo DC                                           18:14 Monday, August 31, 2015  15

The COMPARE Procedure
Comparison of COMP.PROJECT with PRESCAT.PROJECT
(Method=EXACT)

Value Comparison Results for Variables

__________________________________________________________
           ||  Preservation Catalog project category
           ||  Base Value           Compare Value
 Nlihc_id  ||  Category_Code         Category_Code
 ________  ||  _                     _
           ||
 NL000196  ||  5                     6
 NL000206  ||  3                     5
 NL000209  ||  5                     4
 NL000216  ||  5                     3
 NL000227  ||  5                     1
 NL000236  ||  5                     2
 NL000237  ||  5                     2
 NL000238  ||  2                     5
 NL000239  ||  2                     5
 NL000240  ||  2                     5
 NL000241  ||  2                     4
 NL000243  ||  5                     2
 NL000261  ||  5                     2
 NL000275  ||  3                     5
 NL000277  ||  3                     5
 NL000280  ||  5                     2
 NL000283  ||  3                     5
 NL000284  ||  3                     2
 NL000287  ||  2                     5
 NL000290  ||  2                     5
 NL000295  ||  5                     1
 NL000320  ||  2                     5
 NL000327  ||  5                     2
 NL000334  ||  3                     5
 NL001001  ||  2                     5
 NL001005  ||  2                     5
 NL001014  ||  2                     4

NOTE: The MAXPRINT=40 printing limit has been reached for the variable Category_Code. No more values will be printed for
      this comparison.
__________________________________________________________
PRESCAT/Create_project.sas:  NeighborhoodInfo DC                                           18:14 Monday, August 31, 2015  16

The COMPARE Procedure
Comparison of COMP.PROJECT with PRESCAT.PROJECT
(Method=EXACT)

Value Comparison Results for Variables

__________________________________________________________
           ||  Project at risk
           ||       Base    Compare
 Nlihc_id  ||  Cat_At_Ri  Cat_At_Ri      Diff.     % Diff
           ||         sk         sk
 ________  ||  _________  _________  _________  _________
           ||
 NL000227  ||  No         Yes           1.0000          .
 NL000295  ||  No         Yes           1.0000          .
__________________________________________________________


__________________________________________________________
           ||  Project has upcoming expiring subsidy
           ||       Base    Compare
 Nlihc_id  ||  Cat_Expir  Cat_Expir      Diff.     % Diff
           ||        ing        ing
 ________  ||  _________  _________  _________  _________
           ||
 NL000065  ||  No         Yes           1.0000          .
 NL000080  ||  No         Yes           1.0000          .
 NL000096  ||  No         Yes           1.0000          .
 NL000135  ||  No         Yes           1.0000          .
 NL000216  ||  No         Yes           1.0000          .
 NL000217  ||  No         Yes           1.0000          .
 NL000218  ||  No         Yes           1.0000          .
 NL000284  ||  No         Yes           1.0000          .
 NL000287  ||  Yes        No           -1.0000  -100.0000
 NL000320  ||  Yes        No           -1.0000  -100.0000
 NL000327  ||  No         Yes           1.0000          .
__________________________________________________________
PRESCAT/Create_project.sas:  NeighborhoodInfo DC                                           18:14 Monday, August 31, 2015  17

The COMPARE Procedure
Comparison of COMP.PROJECT with PRESCAT.PROJECT
(Method=EXACT)

Value Comparison Results for Variables

__________________________________________________________
           ||  Project has failed recent REAC inspectio
           ||  .. n
           ||       Base    Compare
 Nlihc_id  ||  Cat_Faili  Cat_Faili      Diff.     % Diff
           ||    ng_Insp    ng_Insp
 ________  ||  _________  _________  _________  _________
           ||
 NL000064  ||  Yes        No           -1.0000  -100.0000
 NL000133  ||  No         Yes           1.0000          .
 NL000206  ||  Yes        No           -1.0000  -100.0000
 NL000216  ||  No         Yes           1.0000          .
 NL000275  ||  Yes        No           -1.0000  -100.0000
 NL000277  ||  Yes        No           -1.0000  -100.0000
 NL000283  ||  Yes        No           -1.0000  -100.0000
 NL000284  ||  Yes        No           -1.0000  -100.0000
 NL000334  ||  Yes        No           -1.0000  -100.0000
__________________________________________________________


__________________________________________________________
           ||  Project flagged for gathering more infor
           ||  .. mation
           ||       Base    Compare
 Nlihc_id  ||  Cat_More_  Cat_More_      Diff.     % Diff
           ||       Info       Info
 ________  ||  _________  _________  _________  _________
           ||
 NL000094  ||  No         Yes           1.0000          .
 NL000128  ||  No         Yes           1.0000          .
 NL000181  ||  No         Yes           1.0000          .
 NL000209  ||  No         Yes           1.0000          .
 NL000241  ||  No         Yes           1.0000          .
 NL001014  ||  No         Yes           1.0000          .
__________________________________________________________
PRESCAT/Create_project.sas:  NeighborhoodInfo DC                                           18:14 Monday, August 31, 2015  18

The COMPARE Procedure
Comparison of COMP.PROJECT with PRESCAT.PROJECT
(Method=EXACT)

Value Comparison Results for Variables

__________________________________________________________
           ||  Lost affordable housing
           ||       Base    Compare
 Nlihc_id  ||   Cat_Lost   Cat_Lost      Diff.     % Diff
 ________  ||  _________  _________  _________  _________
           ||
 NL000096  ||  Yes        No           -1.0000  -100.0000
 NL000196  ||  No         Yes           1.0000          .
__________________________________________________________


__________________________________________________________
           ||  Total assisted housing units in project
           ||  .. (minimum)
           ||       Base    Compare
 Nlihc_id  ||  Proj_Unit  Proj_Unit      Diff.     % Diff
           ||  s_Assist_  s_Assist_
           ||        Min        Min
 ________  ||  _________  _________  _________  _________
           ||
 NL000046  ||   373.0000   535.0000   162.0000    43.4316
 NL000092  ||   103.0000   258.0000   155.0000   150.4854
 NL000280  ||    80.0000   381.0000   301.0000   376.2500
__________________________________________________________


__________________________________________________________
           ||  Total assisted housing units in project
           ||  .. (maximum)
           ||       Base    Compare
 Nlihc_id  ||  Proj_Unit  Proj_Unit      Diff.     % Diff
           ||  s_Assist_  s_Assist_
           ||        Max        Max
 ________  ||  _________  _________  _________  _________
           ||
 NL000001  ||   136.0000   268.0000   132.0000    97.0588
 NL000046  ||   535.0000   746.0000   211.0000    39.4393
 NL000103  ||   205.0000   410.0000   205.0000   100.0000
 NL000273  ||   159.0000    98.0000   -61.0000   -38.3648
PRESCAT/Create_project.sas:  NeighborhoodInfo DC                                           18:14 Monday, August 31, 2015  19

The COMPARE Procedure
Comparison of COMP.PROJECT with PRESCAT.PROJECT
(Method=EXACT)

Value Comparison Results for Variables

__________________________________________________________
           ||  Total assisted housing units in project
           ||  .. (maximum)
           ||       Base    Compare
 Nlihc_id  ||  Proj_Unit  Proj_Unit      Diff.     % Diff
           ||  s_Assist_  s_Assist_
           ||        Max        Max
 ________  ||  _________  _________  _________  _________
           ||
 NL000280  ||   301.0000       1143   842.0000   279.7342
__________________________________________________________


__________________________________________________________
           ||  Current property owner name (from HUD)
           ||  Base Value           Compare Value
 Nlihc_id  ||  Hud_Own_Name          Hud_Own_Name
 ________  ||  ___________________+  ___________________+
           ||
 NL000047  ||  Campbell Heights Ass  Paul Laurence Dunbar
 NL000052  ||  The Farragut Partner  New Capitol Hill Tow
 NL000136  ||  G R Properties Limit  GRA Properties Limit
 NL000226  ||  Park Road Limited Pa  Samuel Kelsey Redeve
__________________________________________________________


__________________________________________________________
           ||  First subsidy end date
           ||       Base    Compare
 Nlihc_id  ||  Subsidy_E  Subsidy_E      Diff.     % Diff
           ||   nd_First   nd_First
 ________  ||  _________  _________  _________  _________
           ||
 NL000023  ||   12/20/14   12/20/19       1826     9.0950
 NL000040  ||   11/30/14   11/30/15   365.0000     1.8198
 NL000046  ||   09/30/15   10/31/15    31.0000     0.1523
 NL000048  ||   04/30/15   04/30/16   366.0000     1.8112
 NL000065  ||   10/31/14   11/01/24       3654    18.2454
 NL000070  ||   02/01/15   02/01/20       1826     9.0755
PRESCAT/Create_project.sas:  NeighborhoodInfo DC                                           18:14 Monday, August 31, 2015  20

The COMPARE Procedure
Comparison of COMP.PROJECT with PRESCAT.PROJECT
(Method=EXACT)

Value Comparison Results for Variables

__________________________________________________________
           ||  First subsidy end date
           ||       Base    Compare
 Nlihc_id  ||  Subsidy_E  Subsidy_E      Diff.     % Diff
           ||   nd_First   nd_First
 ________  ||  _________  _________  _________  _________
           ||
 NL000080  ||   08/02/14   04/01/15   242.0000     1.2138
 NL000084  ||   03/31/15   03/31/16   366.0000     1.8139
 NL000091  ||   01/07/15   05/10/15   123.0000     0.6121
 NL000135  ||   11/30/14   09/30/19       1765     8.7999
 NL000200  ||   05/31/15   05/31/16   366.0000     1.8084
 NL000215  ||   01/31/15   01/31/16   365.0000     1.8142
 NL000216  ||   08/31/14   08/31/19       1826     9.1455
 NL000217  ||   11/29/14   07/01/19       1675     8.3516
 NL000218  ||   09/07/14   07/01/22       2854    14.2893
 NL000243  ||   02/28/15   09/30/15   214.0000     1.0622
 NL000251  ||   06/30/12   06/30/15       1095     5.7109
 NL000277  ||   03/22/15   11/01/19       1685     8.3544
 NL000288  ||   02/28/15   02/29/16   366.0000     1.8166
 NL000290  ||   07/31/14   07/31/19       1826     9.1598
__________________________________________________________


__________________________________________________________
           ||  Last subsidy end date
           ||       Base    Compare
 Nlihc_id  ||  Subsidy_E  Subsidy_E      Diff.     % Diff
           ||    nd_Last    nd_Last
 ________  ||  _________  _________  _________  _________
           ||
 NL000040  ||   11/30/14   11/30/15   365.0000     1.8198
 NL000048  ||   04/30/15   04/30/16   366.0000     1.8112
 NL000091  ||   05/10/15   10/31/34       7114    35.1865
 NL000114  ||   02/28/15   05/31/15    92.0000     0.4566
 NL000152  ||   12/31/14   06/30/15   181.0000     0.9010
 NL000200  ||   05/31/15   05/31/16   366.0000     1.8084
 NL000217  ||   07/01/19   11/29/19   151.0000     0.6949
 NL000218  ||   07/01/22   09/07/34       4451    19.4988
PRESCAT/Create_project.sas:  NeighborhoodInfo DC                                           18:14 Monday, August 31, 2015  21

The COMPARE Procedure
Comparison of COMP.PROJECT with PRESCAT.PROJECT
(Method=EXACT)

Value Comparison Results for Variables

__________________________________________________________
           ||  Last subsidy end date
           ||       Base    Compare
 Nlihc_id  ||  Subsidy_E  Subsidy_E      Diff.     % Diff
           ||    nd_Last    nd_Last
 ________  ||  _________  _________  _________  _________
           ||
 NL000288  ||   02/28/15   02/29/16   366.0000     1.8166
 NL000290  ||   07/31/14   07/31/19       1826     9.1598
__________________________________________________________


__________________________________________________________
           ||  Old project address from Access DB
           ||  Base Value           Compare Value
 Nlihc_id  ||  Proj_Addre_old        Proj_Addre_old
 ________  ||  ___________________+  ___________________+
           ||
 NL000046  ||  2400 14th Street, NE  2420 - 2428 14th ST
 NL001005  ||  3743-3773; 3801-3817  3743-3773; 3801-3817
__________________________________________________________


__________________________________________________________
           ||  Datetime of last project update
           ||       Base    Compare
 Nlihc_id  ||  Update_Dt  Update_Dt      Diff.     % Diff
           ||          m          m
 ________  ||  _________  _________  _________  _________
           ||
 NL000001  ||  04JUL2015  31AUG2015    5016343     0.2864
 NL000004  ||  04JUL2015  31AUG2015    5016343     0.2864
 NL000006  ||  04JUL2015  31AUG2015    5016343     0.2864
 NL000008  ||  04JUL2015  31AUG2015    5016343     0.2864
 NL000010  ||  04JUL2015  31AUG2015    5016343     0.2864
 NL000014  ||  04JUL2015  31AUG2015    5016343     0.2864
 NL000015  ||  04JUL2015  31AUG2015    5016343     0.2864
 NL000016  ||  04JUL2015  31AUG2015    5016343     0.2864
 NL000017  ||  04JUL2015  31AUG2015    5016343     0.2864
PRESCAT/Create_project.sas:  NeighborhoodInfo DC                                           18:14 Monday, August 31, 2015  22

The COMPARE Procedure
Comparison of COMP.PROJECT with PRESCAT.PROJECT
(Method=EXACT)

Value Comparison Results for Variables

__________________________________________________________
           ||  Datetime of last project update
           ||       Base    Compare
 Nlihc_id  ||  Update_Dt  Update_Dt      Diff.     % Diff
           ||          m          m
 ________  ||  _________  _________  _________  _________
           ||
 NL000020  ||  04JUL2015  31AUG2015    5016343     0.2864
 NL000021  ||  04JUL2015  31AUG2015    5016343     0.2864
 NL000023  ||  04JUL2015  31AUG2015    5016343     0.2864
 NL000026  ||  04JUL2015  31AUG2015    5016343     0.2864
 NL000027  ||  04JUL2015  31AUG2015    5016343     0.2864
 NL000028  ||  04JUL2015  31AUG2015    5016343     0.2864
 NL000029  ||  04JUL2015  31AUG2015    5016343     0.2864
 NL000031  ||  04JUL2015  31AUG2015    5016343     0.2864
 NL000032  ||  04JUL2015  31AUG2015    5016343     0.2864
 NL000033  ||  04JUL2015  31AUG2015    5016343     0.2864
 NL000034  ||  04JUL2015  31AUG2015    5016343     0.2864
 NL000035  ||  04JUL2015  31AUG2015    5016343     0.2864
 NL000036  ||  04JUL2015  31AUG2015    5016343     0.2864
 NL000037  ||  04JUL2015  31AUG2015    5016343     0.2864
 NL000038  ||  04JUL2015  31AUG2015    5016343     0.2864
 NL000039  ||  04JUL2015  31AUG2015    5016343     0.2864
 NL000040  ||  04JUL2015  31AUG2015    5016343     0.2864
 NL000041  ||  04JUL2015  31AUG2015    5016343     0.2864
 NL000043  ||  04JUL2015  31AUG2015    5016343     0.2864
 NL000044  ||  04JUL2015  31AUG2015    5016343     0.2864
 NL000045  ||  04JUL2015  31AUG2015    5016343     0.2864
 NL000046  ||  04JUL2015  31AUG2015    5016343     0.2864
 NL000047  ||  04JUL2015  31AUG2015    5016343     0.2864
 NL000048  ||  04JUL2015  31AUG2015    5016343     0.2864
 NL000050  ||  04JUL2015  31AUG2015    5016343     0.2864
 NL000052  ||  04JUL2015  31AUG2015    5016343     0.2864
 NL000054  ||  04JUL2015  31AUG2015    5016343     0.2864
 NL000055  ||  04JUL2015  31AUG2015    5016343     0.2864
 NL000056  ||  04JUL2015  31AUG2015    5016343     0.2864
 NL000057  ||  04JUL2015  31AUG2015    5016343     0.2864
 NL000058  ||  04JUL2015  31AUG2015    5016343     0.2864

NOTE: The MAXPRINT=40 printing limit has been reached for the variable Update_Dtm. No more values will be printed for this
PRESCAT/Create_project.sas:  NeighborhoodInfo DC                                           18:14 Monday, August 31, 2015  23

The COMPARE Procedure
Comparison of COMP.PROJECT with PRESCAT.PROJECT
(Method=EXACT)

      comparison.
__________________________________________________________
