PRESCAT/Create_real_property.sas:  NeighborhoodInfo DC                                   15:43 Friday, December 19, 2014   1
File = PresCat.Real_property

The CONTENTS Procedure

Data Set Name        PRESCAT.REAL_PROPERTY                         Observations           1078
Member Type          DATA                                          Variables              5   
Engine               V9                                            Indexes                0   
Created              Friday, December 19, 2014 03:44:19 PM         Observation Length     273 
Last Modified        Friday, December 19, 2014 03:44:19 PM         Deleted Observations   0   
Protection                                                         Compressed             CHAR
Data Set Type                                                      Reuse Space            NO  
Label                Preservation Catalog, real property events    Point to Observations  YES 
Data Representation  WINDOWS_64                                    Sorted                 YES 
Encoding             wlatin1  Western (Windows)                                               


                     Engine/Host Dependent Information

Data Set Page Size          12288                                           
Number of Data Set Pages    11                                              
Number of Data Set Repairs  0                                               
Filename                    L:\Libraries\PresCat\Data\real_property.sas7bdat
Release Created             9.0202M3                                        
Host Created                X64_VSPRO                                       


                          Alphabetic List of Variables and Attributes
 
#    Variable    Type    Len    Format       Label

1    Nlihc_id    Char      8                 Preservation Catalog project ID                   
3    RP_date     Num       8    MMDDYY10.    Filing date                                       
5    RP_desc     Char    200                 Real property event, description                  
4    RP_type     Char     40    $RPTYPE.     Real property event, type                         
2    Ssl         Char     17                 Property identification number (square/suffix/lot)


             Sort Information

Sortedby       Nlihc_id DESCENDING RP_date
Validated      YES                        
Character Set  ANSI                       
PRESCAT/Create_real_property.sas:  NeighborhoodInfo DC                                   15:43 Friday, December 19, 2014   2
File = PresCat.Real_property

The MEANS Procedure

                            Analysis Variable : RP_date 
 
   N             Sum            Mean         Std Dev         Minimum         Maximum
------------------------------------------------------------------------------------
1078     17516611.00        16249.18         2070.08       -21549.00        19718.00
------------------------------------------------------------------------------------
PRESCAT/Create_real_property.sas:  NeighborhoodInfo DC                                   15:43 Friday, December 19, 2014   3
File = PresCat.Real_property

The FREQ Procedure

                       Real property event, type
 
                                                Cumulative    Cumulative
RP_type                Frequency     Percent     Frequency      Percent
------------------------------------------------------------------------
Foreclosure notice           98        9.09            98         9.09  
Foreclosure outcome          27        2.50           125        11.60  
Property sale               953       88.40          1078       100.00  
