PRESCAT/RealProp_lookup.sas:  NeighborhoodInfo DC                                       11:00 Saturday, January 31, 2015   1

--------------------

SSL=5914    0001
SQUARE=5914
SUFFIX=
LOT=0001
PREMISEADD=3232 - 3242 13TH ST SE
OWNERNAME=JO & J INC
USECODE=Residential-Apartment-Walk-Up

--------------------

SSL=5914    0006
SQUARE=5914
SUFFIX=
LOT=0006
PREMISEADD=3210 13TH ST SE
OWNERNAME=3210 13TH STREET LLC
USECODE=Residential-Apartment-Walk-Up

--------------------

SSL=5914    0007
SQUARE=5914
SUFFIX=
LOT=0007
PREMISEADD=3200 13TH ST SE
OWNERNAME=3200 THIRTEENTH ST, LLC
USECODE=Residential-Apartment-Walk-Up

--------------------

SSL=5914    0806
SQUARE=5914
SUFFIX=
LOT=0806
PREMISEADD=1351 ALABAMA AV SE
OWNERNAME=DISTRICT OF COLUMBIA
USECODE=Educational

--------------------

SSL=PAR 02290020
SQUARE=PAR
SUFFIX=0229
LOT=0020
PRESCAT/RealProp_lookup.sas:  NeighborhoodInfo DC                                       11:00 Saturday, January 31, 2015   2
PREMISEADD=1501 ALABAMA AV SE
OWNERNAME=POTOMAC ELECTRIC POWER COMPANY
USECODE=Vacant-Commercial Use

--------------------

SSL=PAR 02290103
SQUARE=PAR
SUFFIX=0229
LOT=0103
PREMISEADD=ALABAMA AV SE
OWNERNAME=WASHINGTON METROPOLITAN AREA TRANSIT AUTHORITY (WMATA)
USECODE=Vacant-Commercial Use

--------------------

SSL=PAR 02290151
SQUARE=PAR
SUFFIX=0229
LOT=0151
PREMISEADD=1321 ALABAMA AV SE
OWNERNAME=WASHINGTON METROPOLITAN AREA TRANSIT AUTHORITY (WMATA)
USECODE=Vacant-Commercial Use

--------------------

SSL=PAR 02290153
SQUARE=PAR
SUFFIX=0229
LOT=0153
PREMISEADD=1331 - 1333 ALABAMA AV SE
OWNERNAME=BERNARD J YOUNG
USECODE=Residential-Apartment-Walk-Up

--------------------

SSL=PAR 02290160
SQUARE=PAR
SUFFIX=0229
LOT=0160
PREMISEADD=1313 ALABAMA AV SE
OWNERNAME=WASHINGTON METROPOLITAN AREA TRANSIT AUTHORITY (WMATA)
USECODE=Vacant-Commercial Use

--------------------

SSL=PAR 02290161
PRESCAT/RealProp_lookup.sas:  NeighborhoodInfo DC                                       11:00 Saturday, January 31, 2015   3
SQUARE=PAR
SUFFIX=0229
LOT=0161
PREMISEADD=1309 ALABAMA AV SE
OWNERNAME=1309 ALABAMA AVE LLC
USECODE=Residential-Apartment-Walk-Up

--------------------

SSL=PAR 02290167
SQUARE=PAR
SUFFIX=0229
LOT=0167
PREMISEADD=SOUTHERN AV SE
OWNERNAME=UNITED STATES OF AMERICA
USECODE=Vacant-True

--------------------

SSL=PAR 02290168
SQUARE=PAR
SUFFIX=0229
LOT=0168
PREMISEADD=1500 MISSISSIPPI AV
OWNERNAME=UNITED STATES OF AMERICA & DISTRICT OF COLUMBIA
USECODE=Educational

--------------------

SSL=PAR 02290170
SQUARE=PAR
SUFFIX=0229
LOT=0170
PREMISEADD=MISSISSIPPI AV SE
OWNERNAME=UNITED STATES OF AMERICA
USECODE=Vacant-True

--------------------

SSL=PAR 02290171
SQUARE=PAR
SUFFIX=0229
LOT=0171
PREMISEADD=1901 MISSISSIPPI AV
OWNERNAME=UNITED STATES OF AMERICA
USECODE=Special Purpose-Misc
PRESCAT/RealProp_lookup.sas:  NeighborhoodInfo DC                                       11:00 Saturday, January 31, 2015   4
--------------------

SSL=PAR 02290172
SQUARE=PAR
SUFFIX=0229
LOT=0172
PREMISEADD=SOUTHERN AV SE
OWNERNAME=UNITED STATES OF AMERICA
USECODE=Vacant-True
