PRESCAT/Make_formats.sas:  NeighborhoodInfo DC                                        11:13 Wednesday, December 31, 2014   1

                                          Contents of Catalog PRESCAT.FORMATS
 
 #  Name             Type     Level          Create Date        Modified Date  Description
-----------------------------------------------------------------------------------------------------------------------
 1  CATEGRN          FORMATC      1  31Dec14:11:13:13     31Dec14:11:13:13     Pres Cat project category w/number      
 2  CATEGRY          FORMATC      1  31Dec14:11:13:13     31Dec14:11:13:13     Pres Cat project category               
 3  INFOSRC          FORMATC      1  31Dec14:11:13:13     31Dec14:11:13:13     Data source for subsidy update          
 4  MFATOPROG        FORMATC      1  31Dec14:11:13:13     31Dec14:11:13:13     HUD MFA programs to Catalog program code
 5  OWNMGRTYPE       FORMATC      1  31Dec14:11:13:13     31Dec14:11:13:13     HUD owner/manager types                 
 6  PORTFOLIO        FORMATC      1  31Dec14:11:13:13     31Dec14:11:13:13     Catalog subsidy portfolio description   
 7  PRGH2OC          FORMATC      1  31Dec14:11:13:13     31Dec14:11:13:13     HUD MFA to old catalog program xwalk    
 8  PROGFULL         FORMATC      1  31Dec14:11:13:13     31Dec14:11:13:13     Catalog program full description        
 9  PROGSHRT         FORMATC      1  31Dec14:11:13:13     31Dec14:11:13:13     Catalog program short description       
10  PROGTOPORTFOLIO  FORMATC      1  31Dec14:11:13:13     31Dec14:11:13:13     Cat program code to portfolio           
11  RPTYPE           FORMATC      1  31Dec14:11:13:13     31Dec14:11:13:13     Pres Cat real property event type       
12  STATUS           FORMATC      1  31Dec14:11:13:13     31Dec14:11:13:13     Pres Cat project active status          
