PRESCAT/Old_MFA_projects.sas:  NeighborhoodInfo DC                                      17:29 Tuesday, December 30, 2014   1

--------------------

contract_number=DC39K100002
property_id=800003695
tracs_effective_date=.
tracs_overall_expiration_date=.
tracs_overall_exp_fiscal_year=.
tracs_overall_expire_quarter=
tracs_current_expiration_date=U
contract_term_months_qty=180
assisted_units_count=0
is_hud_administered_ind=Yes
is_acc_old_ind=No
is_acc_performance_based_ind=No
contract_doc_type_code=Housing Assistance Payments
program_type_name=PD/8 MR
program_type_group_code=S8 Property Disposition
rent_to_FMR_ratio=.
rent_to_FMR_description=
br0_count=.
br1_count=.
br2_count=.
br3_count=.
br4_count=.
br5plus_count=.
br0_fmr=.
br1_fmr=.
br2_fmr=.
br3_fmr=.
br4_fmr=.
extract_date=12/28/2007
hub_name_text=Baltimore
servicing_site_name_text=Washington, DC
property_name_text=CLIFTON TERRACE
property_phone_number=
address_line1_text=1350 CLIFTON ST NW
address_line2_text=
city_name_text=WASHINGTON
state_code=DC
zip_code=20009
zip4_code=7001
county_code=001
msa_code=8840
congressional_district_code=98
placed_base_city_name_text=WASHINGTON
property_total_unit_count=285
PRESCAT/Old_MFA_projects.sas:  NeighborhoodInfo DC                                      17:29 Tuesday, December 30, 2014   2
associated_financing_number=
is_insured_ind=No
is_202_811_ind=No
is_hud_held_ind=No
is_hud_owned_ind=No
is_hospital_ind=No
is_nursing_home_ind=No
is_board_and_care_ind=No
is_assisted_living_ind=No
is_refinanced_ind=No
is_221d3_ind=No
is_221d4_ind=No
is_236_ind=No
is_non_insured_ind=No
is_bmir_ind=No
is_risk_sharing_ind=No
is_mip_ind=No
is_co_insured_ind=No
ownership_effective_date=.
owner_participant_id=0
owner_individual_first_name=
owner_individual_middle_name=
owner_individual_last_name=
owner_individual_full_name=
owner_individual_title_text=
owner_organization_name=
owner_address_line1=
owner_address_line2=
owner_city_name=
owner_state_code=
owner_zip_code=
owner_zip4_code=
owner_main_phone_number_text=
owner_main_fax_number_text=
owner_email_text=
mgmt_agent_participant_id=4631
mgmt_agent_indv_first_name=
mgmt_agent_indv_last_name=
mgmt_agent_indv_middle_name=
mgmt_agent_full_name=
mgmt_agent_indv_title_text=
mgmt_agent_org_name=One Management , Inc.
mgmt_agent_address_line1=4700 Homewood Ct Ste 220
mgmt_agent_address_line2=
mgmt_agent_city_name=Raleigh
mgmt_agent_state_code=NC
mgmt_agent_zip_code=27609
PRESCAT/Old_MFA_projects.sas:  NeighborhoodInfo DC                                      17:29 Tuesday, December 30, 2014   3
mgmt_agent_zip4_code=5732
mgmt_agent_main_phone_number=(919) 787-4243
mgmt_agent_main_fax_number=(919) 787-1894
mgmt_agent_email_text=Jpetri@onefic.com
RecordNo=3018
tracs_status=Terminated
property_category=Subsidized - Previously Insured
primary_financing=
owner_company=
mgmt_agent_company=
address_line1_text_std=1350 CLIFTON ST NW
addr_var=1350 CLIFTON ST NW
anc2002=ANC 1B
cluster2000=Cluster 2
cluster_tr2000=Cluster 2
geo2000=Tract 36
geoblk2000=110010036001010
psa2004=PSA 304
ward2002=Ward 1
zip_match=ZIP 20009
dcg_num_parcels=.
x_coord=397278.88
y_coord=139359.48
ssl=2868    0106
address_line1_text_match=1350 CLIFTON ST NW
UNITNUMBER=
ui_proptype=13
str_addr_unit=
dcg_match_score=119

--------------------

contract_number=DC39M000039
property_id=800003708
tracs_effective_date=02/01/2006
tracs_overall_expiration_date=02/28/2008
tracs_overall_exp_fiscal_year=2008
tracs_overall_expire_quarter=Jan - Mar
tracs_current_expiration_date=02/28/2008
contract_term_months_qty=12
assisted_units_count=31
is_hud_administered_ind=Yes
is_acc_old_ind=No
is_acc_performance_based_ind=No
contract_doc_type_code=Housing Assistance Payments
program_type_name=LMSA
program_type_group_code=S8 Loan Management
PRESCAT/Old_MFA_projects.sas:  NeighborhoodInfo DC                                      17:29 Tuesday, December 30, 2014   4
rent_to_FMR_ratio=66.42
rent_to_FMR_description=Below 80% FMR
br0_count=7
br1_count=24
br2_count=0
br3_count=0
br4_count=0
br5plus_count=0
br0_fmr=995
br1_fmr=1134
br2_fmr=N
br3_fmr=N
br4_fmr=N
extract_date=12/28/2007
hub_name_text=Baltimore
servicing_site_name_text=Washington, DC
property_name_text=ELEVENTH STREET APTS
property_phone_number=(301) 942-7170
address_line1_text=1107 11TH ST NW
address_line2_text=
city_name_text=WASHINGTON
state_code=DC
zip_code=20005
zip4_code=4376
county_code=001
msa_code=8840
congressional_district_code=98
placed_base_city_name_text=WASHINGTON
property_total_unit_count=31
associated_financing_number=00044150
is_insured_ind=No
is_202_811_ind=No
is_hud_held_ind=Yes
is_hud_owned_ind=No
is_hospital_ind=No
is_nursing_home_ind=No
is_board_and_care_ind=No
is_assisted_living_ind=No
is_refinanced_ind=No
is_221d3_ind=No
is_221d4_ind=No
is_236_ind=Yes
is_non_insured_ind=No
is_bmir_ind=No
is_risk_sharing_ind=No
is_mip_ind=No
is_co_insured_ind=No
PRESCAT/Old_MFA_projects.sas:  NeighborhoodInfo DC                                      17:29 Tuesday, December 30, 2014   5
ownership_effective_date=09/03/1971
owner_participant_id=208015
owner_individual_first_name=
owner_individual_middle_name=
owner_individual_last_name=
owner_individual_full_name=
owner_individual_title_text=
owner_organization_name=S&H Associates Ltd. Partnership
owner_address_line1=P.O. Box 8171
owner_address_line2=
owner_city_name=Garden City, Cranston
owner_state_code=RI
owner_zip_code=02920
owner_zip4_code=
owner_main_phone_number_text=4017510401
owner_main_fax_number_text=
owner_email_text=
mgmt_agent_participant_id=208015
mgmt_agent_indv_first_name=
mgmt_agent_indv_last_name=
mgmt_agent_indv_middle_name=
mgmt_agent_full_name=
mgmt_agent_indv_title_text=
mgmt_agent_org_name=S&H Associates Ltd. Partnership
mgmt_agent_address_line1=P.O. Box 8171
mgmt_agent_address_line2=
mgmt_agent_city_name=Garden City, Cranston
mgmt_agent_state_code=RI
mgmt_agent_zip_code=02920
mgmt_agent_zip4_code=
mgmt_agent_main_phone_number=4017510401
mgmt_agent_main_fax_number=
mgmt_agent_email_text=
RecordNo=3028
tracs_status=Active
property_category=HUD Held
primary_financing=HUD Held
owner_company=Limited Dividend
mgmt_agent_company=Limited Dividend
address_line1_text_std=1107 11TH ST NW
addr_var=1107 11TH ST NW
anc2002=ANC 2C
cluster2000=Cluster 8
cluster_tr2000=Cluster 8
geo2000=Tract 58
geoblk2000=110010058001011
psa2004=PSA 101
PRESCAT/Old_MFA_projects.sas:  NeighborhoodInfo DC                                      17:29 Tuesday, December 30, 2014   6
ward2002=Ward 2
zip_match=ZIP 20005
dcg_num_parcels=1
x_coord=397613.175
y_coord=136765.944
ssl=0319    0864
address_line1_text_match=700 - 1111 11TH ST NW
UNITNUMBER=
ui_proptype=21
str_addr_unit=
dcg_match_score=119
