PRESCAT/Pres_cat_web_pdfs.sas:  NeighborhoodInfo DC                                        18:46 Thursday, June 18, 2015   1

                       Parcel_
                      address_               Parcel_   Parcel_Info_ in_last_
    Ssl      Nlihc_id    id      Ssl_orig   owner_date Source_Date  ownerpt               Parcel_type               Parcel_x

3953    0001 NL000046  149898  3953    0001          N  01/25/2014    Yes    Residential: Rental apartment building  401038 
3953    0002 NL000046  149276  3953    0002          N  01/25/2014    Yes    Residential: Rental apartment building  401149 
3953    0003 NL000046  149313  3953    0003          N  01/25/2014    Yes    Residential: Rental apartment building  401244 
3954    0001 NL000046  149279  3954    0001          N  01/25/2014    Yes    Residential: Rental apartment building  401162 
3954    0002 NL000046  149264  3954    0002          N  01/25/2014    Yes    Residential: Rental apartment building  401089 
3954    0003 NL000046  149885  3954    0003          N  01/25/2014    Yes    Residential: Rental apartment building  401040 
3954    0004 NL000046  155234  3954    0004          N  01/25/2014    Yes    Residential: Rental apartment building  401068 
3954    0005 NL000046  149282  3954    0005          N  01/25/2014    Yes    Residential: Rental apartment building  401125 
4024    0001 NL000046  149285  4024    0001          N  01/25/2014    Yes    Residential: Rental apartment building  401199 
4024    0002 NL000046  149290  4024    0002          N  01/25/2014    Yes    Residential: Rental apartment building  401273 
4024    0003 NL000046  149289  4024    0003          N  01/25/2014    Yes    Residential: Rental apartment building  401238 
4024    0004 NL000046  147220  4024    0004          N  01/25/2014    Yes    Residential: Rental apartment building  401203 
4025    0001 NL000046  150405  4025    0001          N  01/25/2014    Yes    Residential: Rental apartment building  401325 
4025    0002 NL000046  150414  4025    0002          N  01/25/2014    Yes    Residential: Rental apartment building  401295 
4025    0003 NL000046  287056  4025    0003          N  01/25/2014    Yes    Residential: Rental apartment building  401259 
4025    0004 NL000046  150007  4025    0004          N  01/25/2014    Yes    Residential: Rental apartment building  401327 
4025    0005 NL000046  150012  4025    0005          N  01/25/2014    Yes    Residential: Rental apartment building  401415 
4025    0006 NL000046  149300  4025    0006          N  01/25/2014    Yes    Residential: Rental apartment building  401380 

 
 
    Ssl      Parcel_y   Parcel_owner_name                   Parcel_owner_type                  PREMISEADD

3953    0001  139318   Brentwood Associates  Taxable corporations, partnerships, associations  1301 - 1307 Saratoga Av NE 
3953    0002  139319   Brentwood Associates  Taxable corporations, partnerships, associations  1335 - 1345 Saratoga Av NE 
3953    0003  139322   Brentwood Associates  Taxable corporations, partnerships, associations  2420 - 2428 14th St NE     
3954    0001  139401   Brentwood Associates  Taxable corporations, partnerships, associations  2500 - 2506 14th St NE     
3954    0002  139404   Brentwood Associates  Taxable corporations, partnerships, associations  1300 - 1318 Saratoga Av NE 
3954    0003  139422   Brentwood Associates  Taxable corporations, partnerships, associations  1275 - 1277 Brentwood Rd NE
3954    0004  139485   Brentwood Associates  Taxable corporations, partnerships, associations  1279 - 1295 Brentwood Rd NE
3954    0005  139460   Brentwood Associates  Taxable corporations, partnerships, associations  2530 - 2534 14th St NE     
4024    0001  139435   Brentwood Associates  Taxable corporations, partnerships, associations  2501 - 2505 14th St NE     
4024    0002  139521   Brentwood Associates  Taxable corporations, partnerships, associations  2525 - 2531 14th St NE     
4024    0003  139462   Brentwood Associates  Taxable corporations, partnerships, associations  1414 - 1422 Saratoga Av NE 
4024    0004  139458   Brentwood Associates  Taxable corporations, partnerships, associations  2511 - 2515 14th St NE     
4025    0001  139349   Brentwood Associates  Taxable corporations, partnerships, associations  2411 - 2415 14th St NE     
4025    0002  139367   Brentwood Associates  Taxable corporations, partnerships, associations  2423 - 2425 14th St NE     
4025    0003  139383   Brentwood Associates  Taxable corporations, partnerships, associations  2435 14th St NE            
4025    0004  139433   Brentwood Associates  Taxable corporations, partnerships, associations  1425 - 1429 Montana Av NE  
4025    0005  139432   Brentwood Associates  Taxable corporations, partnerships, associations  1431 - 1437 Montana Av NE  
4025    0006  139392   Brentwood Associates  Taxable corporations, partnerships, associations  1406 - 1420 Downing St NE  
PRESCAT/Pres_cat_web_pdfs.sas:  NeighborhoodInfo DC                                        18:46 Thursday, June 18, 2015   2

                       Parcel_
                      address_               Parcel_   Parcel_Info_ in_last_
    Ssl      Nlihc_id    id      Ssl_orig   owner_date Source_Date  ownerpt               Parcel_type               Parcel_x

4025    0007 NL000046  149305  4025    0007          N  01/25/2014    Yes    Residential: Rental apartment building  401349 

 
 
    Ssl      Parcel_y   Parcel_owner_name                   Parcel_owner_type                  PREMISEADD

4025    0007  139325   Brentwood Associates  Taxable corporations, partnerships, associations  1400 - 1404 Downing St NE  
