PRESCAT/Project_check.sas:  NeighborhoodInfo DC                                           22:21 Sunday, October 19, 2014   1
PresCat.Project

--------------------

NLIHC_ID=NL000046
Status=Active
Subsidized=Yes
Category_Code=At-Risk or Flagged for Follow-up
Cat_At_Risk=Yes
Cat_Expiring=Yes
Cat_Failing_Insp=No
Cat_More_Info=No
Cat_Other=No
Cat_Lost=No
Proj_Name=Brookland Manor (Brentwood Village Apts)
Proj_Addre=2413 14th Street NE; 2415 14th Street NE; 2411 14th Street NE
Proj_City=Washington
Proj_ST=DC
Proj_Zip=20018
Proj_Units_Tot=535
Proj_Units_Assist_Min=373
Proj_Units_Assist_Max=535
Own_Effect_dt=11/23/1971
Own_Name=Brentwood Associates
Mgr_Name=Edgewood Management Corporation
Subsidy_Start_First=09/01/1977
Subsidy_Start_Last=10/01/2010
Subsidy_End_First=09/30/2015
Subsidy_End_Last=08/01/2017
CATEGORY=1
Proj_Name_old=BROOKLAND MANOR (Brentwood Village Apts)
Proj_Addre_old=2400 14th Street, NE
Own_Effect=11/23/1971
Own_Compan=Brentwood Associates
Own_Comp_1=Limited Dividend
Own_Indivi=
Mgr_Compan=Edgewood Management Corporation
Mgr_Comp_1=Profit Motivated
Mgr_Indivi=
Ward2012=Ward 5
Anc2012=ANC 5C
Psa2012=PSA 505
Geo2010=Tract 91.02
Cluster_tr2000=Cluster 22
Cluster_tr2000_name=Brookland, Brentwood, Langdon
Zip=ZIP 20018
Proj_image_url=http://citizenatlas.dc.gov/mobilevideo/20040815/QF092514.jpg
PRESCAT/Project_check.sas:  NeighborhoodInfo DC                                           22:21 Sunday, October 19, 2014   2
PresCat.Project
Proj_streetview_url=http://maps.google.com/maps?z=16&layer=c&cbll=38.92186835,-76.98490255&cbp=11,52.4831079263561,,0,2.09
Proj_address_id=149306
Proj_x=401322.96667
Proj_y=139344.20333
Proj_lat=38.921969793
Proj_lon=-76.98474389
Bldg_count=3
PRESCAT/Project_check.sas:  NeighborhoodInfo DC                                           22:21 Sunday, October 19, 2014   3
PresCat.Subsidy_mfa

--------------------

CATEGORY=1
Proj_Name=Brookland Manor (Brentwood Village Apts)
NLIHC_ID=NL000046
Proj_Addre=2400 14th Street, NE
ID_MFA=800003675
MFA_SOURCE=HUD - Multifamily Assistance and Section 8 Contracts (2/1/11)
MFA_PROG=S8 Loan Mgmt
MFA_START=10/01/2010
MFA_END=09/30/2015
MFA_ASSUNITS=40
MFA_NOTES=The 373 units are covered under two separate contracts - 40 expire on 9/30/15 and 333 expire on 10/31/15 (prev. 10
/31/10).  Because multiple contracts cover this property, the start date is not available.
property_id=800003675
contract_number=DC39L000069
tracs_effective_date=10/01/2010
tracs_overall_expiration_date=09/30/2015
tracs_current_expiration_date=09/30/2014
assisted_units_count=40
program_type_name=LMSA
address_line1_text=2400 14th Street, NE
tracs_status=A
in_DC_Info=1
in_MFA=1
Subsidy_Active=Yes
Subsidy_Info_Source_ID=800003675
Subsidy_Info_Source_Var=property_id
Subsidy_Info_Source=HUD - Multifamily Assistance and Section 8 Contracts
Subsidy_Info_Source_Date=02/01/2011
Update_Date=10/19/2014
Program=Sec 8 loan management

--------------------

CATEGORY=1
Proj_Name=Brookland Manor (Brentwood Village Apts)
NLIHC_ID=NL000046
Proj_Addre=2400 14th Street, NE
ID_MFA=800003675
MFA_SOURCE=HUD - Multifamily Assistance and Section 8 Contracts (2/1/11)
MFA_PROG=S8 Loan Mgmt
MFA_START=10/01/2010
MFA_END=10/31/2015
MFA_ASSUNITS=333
PRESCAT/Project_check.sas:  NeighborhoodInfo DC                                           22:21 Sunday, October 19, 2014   4
PresCat.Subsidy_mfa
MFA_NOTES=The 373 units are covered under two separate contracts - 40 expire on 9/30/15 and 333 expire on 10/31/15 (prev. 10
/31/10).  Because multiple contracts cover this property, the start date is not available.
property_id=800003675
contract_number=DC39M000051
tracs_effective_date=11/01/2012
tracs_overall_expiration_date=10/31/2015
tracs_current_expiration_date=10/31/2014
assisted_units_count=333
program_type_name=LMSA
address_line1_text=2400 14th Street, NE
tracs_status=A
in_DC_Info=1
in_MFA=1
Subsidy_Active=Yes
Subsidy_Info_Source_ID=800003675
Subsidy_Info_Source_Var=property_id
Subsidy_Info_Source=HUD - Multifamily Assistance and Section 8 Contracts
Subsidy_Info_Source_Date=02/01/2011
Update_Date=10/19/2014
Program=Sec 8 loan management
PRESCAT/Project_check.sas:  NeighborhoodInfo DC                                           22:21 Sunday, October 19, 2014   5
PresCat.Subsidy

 
                                     Units_    contract_    Subsidy_
NLIHC_ID    POA_start      POA_end   Assist     number       Active                    Subsidy_Info_Source

NL000046   09/01/1977   08/01/2017     535                    Yes      HUD - Insured Multifamily Mortgages                 
NL000046   10/01/2010   09/30/2015      40    DC39L000069     Yes      HUD - Multifamily Assistance and Section 8 Contracts
NL000046   10/01/2010   10/31/2015     333    DC39M000051     Yes      HUD - Multifamily Assistance and Section 8 Contracts

                                                              Subsidy_        Subsidy_        Subsidy_
              Update_                                       Info_Source_    Info_Source_    Info_Source_
NLIHC_ID         Date                Program                     ID             Var             Date

NL000046   10/19/2014    236(j)(1)/Lower Income Families                                     06/30/2009 
NL000046   10/19/2014    Sec 8 loan management                                                        . 
NL000046   10/19/2014    Sec 8 loan management                                                        . 

 
 
NLIHC_ID                    Agency                     Portfolio

NL000046   US Dept of Housing and Urban Development    Section 236            
NL000046   US Dept of Housing and Urban Development    Project-based Section 8
NL000046   US Dept of Housing and Urban Development    Project-based Section 8
PRESCAT/Project_check.sas:  NeighborhoodInfo DC                                           22:21 Sunday, October 19, 2014   6
PresCat.Parcel

            address_                     Parcel_      in_last_
NLIHC_ID       id           Ssl         owner_date    ownerpt                  Parcel_type                  Parcel_x

NL000046     149271     3953    0001             N      Yes       Residential: Rental apartment building     401038 
NL000046     149277     3953    0002             N      Yes       Residential: Rental apartment building     401149 
NL000046     149310     3953    0003             N      Yes       Residential: Rental apartment building     401244 
NL000046     155252     3954    0001             N      Yes       Residential: Rental apartment building     401162 
NL000046     149269     3954    0002             N      Yes       Residential: Rental apartment building     401089 
NL000046     149885     3954    0003             N      Yes       Residential: Rental apartment building     401040 
NL000046     155234     3954    0004             N      Yes       Residential: Rental apartment building     401068 
NL000046     150454     3954    0005             N      Yes       Residential: Rental apartment building     401125 
NL000046     149285     4024    0001             N      Yes       Residential: Rental apartment building     401199 
NL000046     155298     4024    0002             N      Yes       Residential: Rental apartment building     401273 
NL000046     149287     4024    0003             N      Yes       Residential: Rental apartment building     401238 
NL000046     147220     4024    0004             N      Yes       Residential: Rental apartment building     401203 
NL000046     149307     4025    0001             N      Yes       Residential: Rental apartment building     401325 
NL000046     150414     4025    0002             N      Yes       Residential: Rental apartment building     401295 
NL000046     287056     4025    0003             N      Yes       Residential: Rental apartment building     401259 
NL000046     155302     4025    0004             N      Yes       Residential: Rental apartment building     401327 
NL000046     149295     4025    0005             N      Yes       Residential: Rental apartment building     401415 
NL000046     149299     4025    0006             N      Yes       Residential: Rental apartment building     401380 
NL000046     149309     4025    0007             N      Yes       Residential: Rental apartment building     401349 

 
NLIHC_ID    Parcel_y     Parcel_owner_name                     Parcel_owner_type

NL000046     139318     Brentwood Associates    Taxable corporations, partnerships, associations
NL000046     139319     Brentwood Associates    Taxable corporations, partnerships, associations
NL000046     139322     Brentwood Associates    Taxable corporations, partnerships, associations
NL000046     139401     Brentwood Associates    Taxable corporations, partnerships, associations
NL000046     139404     Brentwood Associates    Taxable corporations, partnerships, associations
NL000046     139422     Brentwood Associates    Taxable corporations, partnerships, associations
NL000046     139485     Brentwood Associates    Taxable corporations, partnerships, associations
NL000046     139460     Brentwood Associates    Taxable corporations, partnerships, associations
NL000046     139435     Brentwood Associates    Taxable corporations, partnerships, associations
NL000046     139521     Brentwood Associates    Taxable corporations, partnerships, associations
NL000046     139462     Brentwood Associates    Taxable corporations, partnerships, associations
NL000046     139458     Brentwood Associates    Taxable corporations, partnerships, associations
NL000046     139349     Brentwood Associates    Taxable corporations, partnerships, associations
NL000046     139367     Brentwood Associates    Taxable corporations, partnerships, associations
NL000046     139383     Brentwood Associates    Taxable corporations, partnerships, associations
NL000046     139433     Brentwood Associates    Taxable corporations, partnerships, associations
NL000046     139432     Brentwood Associates    Taxable corporations, partnerships, associations
NL000046     139392     Brentwood Associates    Taxable corporations, partnerships, associations
NL000046     139325     Brentwood Associates    Taxable corporations, partnerships, associations
